// Jest Snapshot v1, https://goo.gl/fbAQLP

exports[`Changes when active 1`] = `
<button
  className="list-group-item list-group-item-action active"
>
  <img
    alt="hearts"
    className="card-nav-suit"
  />
   
  <span>
    Hearts
  </span>
</button>
`;

exports[`Changes when active 2`] = `
<button
  className="list-group-item list-group-item-action active"
>
  <img
    alt="hearts"
    className="card-nav-suit"
  />
   
  <span>
    Hearts
  </span>
</button>
`;
